'='
'>'
'<'
'!'
'~'
'?'
':'
ARROW
EQUAL
GREATER_OR_EQUAL
LESS_THAN_OR_EQUAL
NOT_EQUAL
LOGICAL_AND
LOGICAL_OR
INCREMENT
DECREMENT
'+'
'-'
'*'
'/'
'&'
'|'
'^'
'%'
LEFT_SHIFT
SIGNED_RIGHT_SHIFT
UNSIGNED_RIGHT_SHIFT
ADDITION_ASSIGNMENT
SUBTRACTION_ASSIGNMENT
MULTIPLICATION_ASSIGNMENT
DIVISION_ASSIGNMENT
BITWISE_AND_ASSIGNMENT
BITWISE_OR_ASSIGNMENT
BITWISE_XOR_ASSIGNMENT
MODULUS_ASSIGNMENT
LEFT_SHIFT_ASSIGNMENT
UNSIGNED_RIGHT_SHIFT_ASSIGNMENT
SIGNED_RIGHT_SHIFT_ASSIGNMENT
EOF